  !! VSCODE_PYTHON_AUTOACTIVATE_GUARD is set but this tool does not read it — check the spelling
window 25527155_25534325: 18066 reference swaps
honest |Δref|/block: p50=1.0 p90=5.0 p95=7.0 p99=13.0 p99.9=25.8 max=54
suggested B = ceil(p99) = 13 ticks/block

  target       B   eps  real  glitch  real_cap  glit_rej  phantom
  v3_005       5    12     1      11    100.0%    100.0%       45
  v3_005      10    12     1      11    100.0%    100.0%        0
  v3_005      13    12     1      11    100.0%     97.2%        0
  v3_005      20    12     1      11    100.0%     95.8%        0
  v3_005      30    12     1      11    100.0%     90.7%        0
  v3_005      50    12     1      11    100.0%     78.5%        0
  v3_005     100    12     1      11    100.0%     38.5%        0
  v3_005     raw    12     1      11    100.0%      0.0%        0
  v3_030       5     0     0       0         —         —        0
  v3_030      10     0     0       0         —         —        0
  v3_030      13     0     0       0         —         —        0
  v3_030      20     0     0       0         —         —        0
  v3_030      30     0     0       0         —         —        0
  v3_030      50     0     0       0         —         —        0
  v3_030     100     0     0       0         —         —        0
  v3_030     raw     0     0       0         —         —        0
  v3_100       5     1     1       0     99.3%         —        0
  v3_100      10     1     1       0     99.3%         —        0
  v3_100      13     1     1       0    100.0%         —        0
  v3_100      20     1     1       0    100.0%         —        0
  v3_100      30     1     1       0    100.0%         —        0
  v3_100      50     1     1       0    100.0%         —        0
  v3_100     100     1     1       0    100.0%         —        0
  v3_100     raw     1     1       0    100.0%         —        0

v3_005: 12 eps (1 real / 11 glitch), real capture 100.0%, glitch rejection 97.2%, 0 phantom swaps -> REAL capture survives truncation
v3_030: zero hook-visible dislocations in a volatile window — at threshold 65 the mechanism never fires on this flow regime at all. That is itself a finding about where Backdraft's revenue lives.
v3_100: 1 eps (1 real / 0 glitch), real capture 100.0%, glitch rejection —, 0 phantom swaps -> REAL capture survives truncation

caveat: one pair, one window, stand-in pools — treat as the first point, not the answer. Re-run on the calm window and at least one other volatile window before the appendix ships.
